// Jest Snapshot v1, https://goo.gl/fbAQLP

exports[`should render ExpenseList with expenses 1`] = `
<div>
  <h1>
    Expense List
  </h1>
  <Connect(ExpenseListItem)
    amount={1000}
    createdAt={0}
    description="Gum"
    id="1"
    key="1"
    note=""
  />
  <Connect(ExpenseListItem)
    amount={3445}
    createdAt={-345600000}
    description="Rend"
    id="2"
    key="2"
    note=""
  />
  <Connect(ExpenseListItem)
    amount={45}
    createdAt={345600000}
    description="Credit Card"
    id="3"
    key="3"
    note=""
  />
</div>
`;

exports[`should render expenseList with empty message 1`] = `
<div>
  <h1>
    Expense List
  </h1>
  <p>
    No expenses
  </p>
</div>
`;
