// Jest Snapshot v1, https://goo.gl/fbAQLP

exports[`should render list item with provided values 1`] = `
<div>
  <Link
    replace={false}
    to="/edit/1"
  >
    <h3>
      Description: 
      Gum
    </h3>
  </Link>
  <p>
    Amount: 
    1000
     - Created At: 
    0
  </p>
</div>
`;
